  Determining projects to restore...
  All projects are up-to-date for restore.
C:\UC\Elnet2ndChecking\RoyalStayHotel\Models\Notification.cs(17,23): warning CS8618: Non-nullable property 'Title' must contain a non-null value when exiting constructor. Consider adding the 'required' modifier or declaring the property as nullable. [C:\UC\Elnet2ndChecking\RoyalStayHotel\RoyalStayHotel.csproj]
C:\UC\Elnet2ndChecking\RoyalStayHotel\Models\Notification.cs(21,23): warning CS8618: Non-nullable property 'Message' must contain a non-null value when exiting constructor. Consider adding the 'required' modifier or declaring the property as nullable. [C:\UC\Elnet2ndChecking\RoyalStayHotel\RoyalStayHotel.csproj]
C:\UC\Elnet2ndChecking\RoyalStayHotel\Models\MaintenanceRequest.cs(30,23): warning CS8618: Non-nullable property 'Description' must contain a non-null value when exiting constructor. Consider adding the 'required' modifier or declaring the property as nullable. [C:\UC\Elnet2ndChecking\RoyalStayHotel\RoyalStayHotel.csproj]
C:\UC\Elnet2ndChecking\RoyalStayHotel\Models\Discount.cs(14,23): warning CS8618: Non-nullable property 'Name' must contain a non-null value when exiting constructor. Consider adding the 'required' modifier or declaring the property as nullable. [C:\UC\Elnet2ndChecking\RoyalStayHotel\RoyalStayHotel.csproj]
C:\UC\Elnet2ndChecking\RoyalStayHotel\Models\Discount.cs(18,23): warning CS8618: Non-nullable property 'Code' must contain a non-null value when exiting constructor. Consider adding the 'required' modifier or declaring the property as nullable. [C:\UC\Elnet2ndChecking\RoyalStayHotel\RoyalStayHotel.csproj]
C:\UC\Elnet2ndChecking\RoyalStayHotel\Models\Discount.cs(25,23): warning CS8618: Non-nullable property 'Description' must contain a non-null value when exiting constructor. Consider adding the 'required' modifier or declaring the property as nullable. [C:\UC\Elnet2ndChecking\RoyalStayHotel\RoyalStayHotel.csproj]
C:\UC\Elnet2ndChecking\RoyalStayHotel\Areas\Staff\Controllers\AccountController.cs(16,42): warning CS1998: This async method lacks 'await' operators and will run synchronously. Consider using the 'await' operator to await non-blocking API calls, or 'await Task.Run(...)' to do CPU-bound work on a background thread. [C:\UC\Elnet2ndChecking\RoyalStayHotel\RoyalStayHotel.csproj]
C:\UC\Elnet2ndChecking\RoyalStayHotel\Program.cs(11,31): warning CS8600: Converting null literal or possible null value to non-nullable type. [C:\UC\Elnet2ndChecking\RoyalStayHotel\RoyalStayHotel.csproj]
C:\UC\Elnet2ndChecking\RoyalStayHotel\Program.cs(15,28): warning CS8600: Converting null literal or possible null value to non-nullable type. [C:\UC\Elnet2ndChecking\RoyalStayHotel\RoyalStayHotel.csproj]
C:\UC\Elnet2ndChecking\RoyalStayHotel\obj\Debug\net9.0\Microsoft.CodeAnalysis.Razor.Compiler\Microsoft.NET.Sdk.Razor.SourceGenerators.RazorSourceGenerator\Views_Shared__LoginPartial_cshtml.g.cs(75,13): warning CS0162: Unreachable code detected [C:\UC\Elnet2ndChecking\RoyalStayHotel\RoyalStayHotel.csproj]
C:\UC\Elnet2ndChecking\RoyalStayHotel\Areas\Admin\Views\Bookings\Details.cshtml(184,58): warning CS8602: Dereference of a possibly null reference. [C:\UC\Elnet2ndChecking\RoyalStayHotel\RoyalStayHotel.csproj]
C:\UC\Elnet2ndChecking\RoyalStayHotel\Areas\Admin\Controllers\AdminContactController.cs(60,42): warning CS1998: This async method lacks 'await' operators and will run synchronously. Consider using the 'await' operator to await non-blocking API calls, or 'await Task.Run(...)' to do CPU-bound work on a background thread. [C:\UC\Elnet2ndChecking\RoyalStayHotel\RoyalStayHotel.csproj]
C:\UC\Elnet2ndChecking\RoyalStayHotel\Areas\Admin\Controllers\ServicesController.cs(60,45): warning CS8602: Dereference of a possibly null reference. [C:\UC\Elnet2ndChecking\RoyalStayHotel\RoyalStayHotel.csproj]
C:\UC\Elnet2ndChecking\RoyalStayHotel\Controllers\AccountController.cs(30,42): warning CS1998: This async method lacks 'await' operators and will run synchronously. Consider using the 'await' operator to await non-blocking API calls, or 'await Task.Run(...)' to do CPU-bound work on a background thread. [C:\UC\Elnet2ndChecking\RoyalStayHotel\RoyalStayHotel.csproj]
C:\UC\Elnet2ndChecking\RoyalStayHotel\Areas\Admin\Views\Discounts\Details.cshtml(13,12): warning CS0219: The variable 'progressBarClass' is assigned but its value is never used [C:\UC\Elnet2ndChecking\RoyalStayHotel\RoyalStayHotel.csproj]
C:\UC\Elnet2ndChecking\RoyalStayHotel\Areas\Admin\Views\Discounts\Details.cshtml(14,12): warning CS0219: The variable 'statusText' is assigned but its value is never used [C:\UC\Elnet2ndChecking\RoyalStayHotel\RoyalStayHotel.csproj]
C:\UC\Elnet2ndChecking\RoyalStayHotel\Areas\Admin\Controllers\DashboardController.cs(56,39): warning CS8602: Dereference of a possibly null reference. [C:\UC\Elnet2ndChecking\RoyalStayHotel\RoyalStayHotel.csproj]
C:\UC\Elnet2ndChecking\RoyalStayHotel\Areas\Admin\Controllers\PaymentsController.cs(26,35): warning CS8602: Dereference of a possibly null reference. [C:\UC\Elnet2ndChecking\RoyalStayHotel\RoyalStayHotel.csproj]
C:\UC\Elnet2ndChecking\RoyalStayHotel\Areas\Admin\Controllers\BookingsController.cs(207,108): error CS1061: 'DbDataReader' does not contain a definition for 'GetTimeSpan' and no accessible extension method 'GetTimeSpan' accepting a first argument of type 'DbDataReader' could be found (are you missing a using directive or an assembly reference?) [C:\UC\Elnet2ndChecking\RoyalStayHotel\RoyalStayHotel.csproj]
C:\UC\Elnet2ndChecking\RoyalStayHotel\Areas\Admin\Controllers\BookingsController.cs(102,25): warning CS8602: Dereference of a possibly null reference. [C:\UC\Elnet2ndChecking\RoyalStayHotel\RoyalStayHotel.csproj]
C:\UC\Elnet2ndChecking\RoyalStayHotel\Areas\Admin\Controllers\BookingsController.cs(114,44): warning CS8601: Possible null reference assignment. [C:\UC\Elnet2ndChecking\RoyalStayHotel\RoyalStayHotel.csproj]
C:\UC\Elnet2ndChecking\RoyalStayHotel\Areas\Admin\Controllers\BookingsController.cs(115,41): warning CS8601: Possible null reference assignment. [C:\UC\Elnet2ndChecking\RoyalStayHotel\RoyalStayHotel.csproj]
C:\UC\Elnet2ndChecking\RoyalStayHotel\Areas\Admin\Controllers\BookingsController.cs(122,46): warning CS8601: Possible null reference assignment. [C:\UC\Elnet2ndChecking\RoyalStayHotel\RoyalStayHotel.csproj]
C:\UC\Elnet2ndChecking\RoyalStayHotel\Areas\Admin\Controllers\BookingsController.cs(124,47): warning CS8601: Possible null reference assignment. [C:\UC\Elnet2ndChecking\RoyalStayHotel\RoyalStayHotel.csproj]
C:\UC\Elnet2ndChecking\RoyalStayHotel\Areas\Admin\Controllers\BookingsController.cs(184,33): warning CS8602: Dereference of a possibly null reference. [C:\UC\Elnet2ndChecking\RoyalStayHotel\RoyalStayHotel.csproj]
C:\UC\Elnet2ndChecking\RoyalStayHotel\Areas\Admin\Controllers\BookingsController.cs(197,55): warning CS8601: Possible null reference assignment. [C:\UC\Elnet2ndChecking\RoyalStayHotel\RoyalStayHotel.csproj]
C:\UC\Elnet2ndChecking\RoyalStayHotel\Areas\Admin\Controllers\PaymentsController.cs(42,35): warning CS8602: Dereference of a possibly null reference. [C:\UC\Elnet2ndChecking\RoyalStayHotel\RoyalStayHotel.csproj]
C:\UC\Elnet2ndChecking\RoyalStayHotel\Areas\Admin\Controllers\PaymentsController.cs(43,31): warning CS8602: Dereference of a possibly null reference. [C:\UC\Elnet2ndChecking\RoyalStayHotel\RoyalStayHotel.csproj]
C:\UC\Elnet2ndChecking\RoyalStayHotel\Areas\Admin\Controllers\NotificationsController.cs(181,49): warning CS8602: Dereference of a possibly null reference. [C:\UC\Elnet2ndChecking\RoyalStayHotel\RoyalStayHotel.csproj]
C:\UC\Elnet2ndChecking\RoyalStayHotel\Areas\Admin\Controllers\NotificationsController.cs(185,54): warning CS8602: Dereference of a possibly null reference. [C:\UC\Elnet2ndChecking\RoyalStayHotel\RoyalStayHotel.csproj]
C:\UC\Elnet2ndChecking\RoyalStayHotel\Areas\Admin\Controllers\NotificationsController.cs(243,43): warning CS8604: Possible null reference argument for parameter 'entity' in 'EntityEntry<Notification> DbSet<Notification>.Remove(Notification entity)'. [C:\UC\Elnet2ndChecking\RoyalStayHotel\RoyalStayHotel.csproj]
C:\UC\Elnet2ndChecking\RoyalStayHotel\Areas\Admin\Controllers\ReportsController.cs(62,31): warning CS8602: Dereference of a possibly null reference. [C:\UC\Elnet2ndChecking\RoyalStayHotel\RoyalStayHotel.csproj]
C:\UC\Elnet2ndChecking\RoyalStayHotel\Areas\Admin\Views\Reports\OccupancyReport.cshtml(353,16): warning CS8603: Possible null reference return. [C:\UC\Elnet2ndChecking\RoyalStayHotel\RoyalStayHotel.csproj]
C:\UC\Elnet2ndChecking\RoyalStayHotel\Controllers\BookingController.cs(177,25): warning CS8602: Dereference of a possibly null reference. [C:\UC\Elnet2ndChecking\RoyalStayHotel\RoyalStayHotel.csproj]
C:\UC\Elnet2ndChecking\RoyalStayHotel\Controllers\BookingController.cs(306,41): warning CS8602: Dereference of a possibly null reference. [C:\UC\Elnet2ndChecking\RoyalStayHotel\RoyalStayHotel.csproj]
C:\UC\Elnet2ndChecking\RoyalStayHotel\Controllers\BookingController.cs(341,25): warning CS8602: Dereference of a possibly null reference. [C:\UC\Elnet2ndChecking\RoyalStayHotel\RoyalStayHotel.csproj]
C:\UC\Elnet2ndChecking\RoyalStayHotel\Areas\Admin\Controllers\MaintenanceController.cs(37,21): warning CS8602: Dereference of a possibly null reference. [C:\UC\Elnet2ndChecking\RoyalStayHotel\RoyalStayHotel.csproj]
C:\UC\Elnet2ndChecking\RoyalStayHotel\Areas\Admin\Controllers\ReportsController.cs(120,35): warning CS8602: Dereference of a possibly null reference. [C:\UC\Elnet2ndChecking\RoyalStayHotel\RoyalStayHotel.csproj]
C:\UC\Elnet2ndChecking\RoyalStayHotel\Areas\Admin\Controllers\BookingsController.cs(519,100): error CS1061: 'DbDataReader' does not contain a definition for 'GetTimeSpan' and no accessible extension method 'GetTimeSpan' accepting a first argument of type 'DbDataReader' could be found (are you missing a using directive or an assembly reference?) [C:\UC\Elnet2ndChecking\RoyalStayHotel\RoyalStayHotel.csproj]
C:\UC\Elnet2ndChecking\RoyalStayHotel\Areas\Admin\Controllers\BookingsController.cs(282,35): warning CS8600: Converting null literal or possible null value to non-nullable type. [C:\UC\Elnet2ndChecking\RoyalStayHotel\RoyalStayHotel.csproj]
C:\UC\Elnet2ndChecking\RoyalStayHotel\Areas\Admin\Controllers\BookingsController.cs(283,29): warning CS8600: Converting null literal or possible null value to non-nullable type. [C:\UC\Elnet2ndChecking\RoyalStayHotel\RoyalStayHotel.csproj]
C:\UC\Elnet2ndChecking\RoyalStayHotel\Areas\Admin\Controllers\BookingsController.cs(284,29): warning CS8600: Converting null literal or possible null value to non-nullable type. [C:\UC\Elnet2ndChecking\RoyalStayHotel\RoyalStayHotel.csproj]
C:\UC\Elnet2ndChecking\RoyalStayHotel\Areas\Admin\Controllers\BookingsController.cs(300,25): warning CS8602: Dereference of a possibly null reference. [C:\UC\Elnet2ndChecking\RoyalStayHotel\RoyalStayHotel.csproj]
C:\UC\Elnet2ndChecking\RoyalStayHotel\Areas\Admin\Controllers\BookingsController.cs(330,25): warning CS8602: Dereference of a possibly null reference. [C:\UC\Elnet2ndChecking\RoyalStayHotel\RoyalStayHotel.csproj]
C:\UC\Elnet2ndChecking\RoyalStayHotel\Areas\Admin\Controllers\BookingsController.cs(378,29): warning CS8602: Dereference of a possibly null reference. [C:\UC\Elnet2ndChecking\RoyalStayHotel\RoyalStayHotel.csproj]
C:\UC\Elnet2ndChecking\RoyalStayHotel\Areas\Admin\Controllers\BookingsController.cs(392,51): warning CS8601: Possible null reference assignment. [C:\UC\Elnet2ndChecking\RoyalStayHotel\RoyalStayHotel.csproj]
C:\UC\Elnet2ndChecking\RoyalStayHotel\Areas\Admin\Controllers\BookingsController.cs(395,47): warning CS8601: Possible null reference assignment. [C:\UC\Elnet2ndChecking\RoyalStayHotel\RoyalStayHotel.csproj]
C:\UC\Elnet2ndChecking\RoyalStayHotel\Areas\Admin\Controllers\BookingsController.cs(396,48): warning CS8601: Possible null reference assignment. [C:\UC\Elnet2ndChecking\RoyalStayHotel\RoyalStayHotel.csproj]
C:\UC\Elnet2ndChecking\RoyalStayHotel\Areas\Admin\Controllers\BookingsController.cs(397,48): warning CS8601: Possible null reference assignment. [C:\UC\Elnet2ndChecking\RoyalStayHotel\RoyalStayHotel.csproj]
C:\UC\Elnet2ndChecking\RoyalStayHotel\Areas\Admin\Controllers\BookingsController.cs(420,29): warning CS8602: Dereference of a possibly null reference. [C:\UC\Elnet2ndChecking\RoyalStayHotel\RoyalStayHotel.csproj]
C:\UC\Elnet2ndChecking\RoyalStayHotel\Areas\Admin\Controllers\BookingsController.cs(432,48): warning CS8601: Possible null reference assignment. [C:\UC\Elnet2ndChecking\RoyalStayHotel\RoyalStayHotel.csproj]
C:\UC\Elnet2ndChecking\RoyalStayHotel\Areas\Admin\Controllers\BookingsController.cs(433,45): warning CS8601: Possible null reference assignment. [C:\UC\Elnet2ndChecking\RoyalStayHotel\RoyalStayHotel.csproj]
C:\UC\Elnet2ndChecking\RoyalStayHotel\Areas\Admin\Controllers\BookingsController.cs(455,25): warning CS8602: Dereference of a possibly null reference. [C:\UC\Elnet2ndChecking\RoyalStayHotel\RoyalStayHotel.csproj]
C:\UC\Elnet2ndChecking\RoyalStayHotel\Areas\Admin\Controllers\BookingsController.cs(496,25): warning CS8602: Dereference of a possibly null reference. [C:\UC\Elnet2ndChecking\RoyalStayHotel\RoyalStayHotel.csproj]
C:\UC\Elnet2ndChecking\RoyalStayHotel\Areas\Admin\Controllers\BookingsController.cs(509,47): warning CS8601: Possible null reference assignment. [C:\UC\Elnet2ndChecking\RoyalStayHotel\RoyalStayHotel.csproj]
C:\UC\Elnet2ndChecking\RoyalStayHotel\Areas\Admin\Controllers\HousekeepingController.cs(35,21): warning CS8602: Dereference of a possibly null reference. [C:\UC\Elnet2ndChecking\RoyalStayHotel\RoyalStayHotel.csproj]
C:\UC\Elnet2ndChecking\RoyalStayHotel\Areas\Admin\Controllers\DiscountsController.cs(83,34): warning CS8620: Argument of type 'IIncludableQueryable<Discount, ICollection<Booking>?>' cannot be used for parameter 'source' of type 'IIncludableQueryable<Discount, IEnumerable<Booking>>' in 'IIncludableQueryable<Discount, User?> EntityFrameworkQueryableExtensions.ThenInclude<Discount, Booking, User?>(IIncludableQueryable<Discount, IEnumerable<Booking>> source, Expression<Func<Booking, User?>> navigationPropertyPath)' due to differences in the nullability of reference types. [C:\UC\Elnet2ndChecking\RoyalStayHotel\RoyalStayHotel.csproj]
C:\UC\Elnet2ndChecking\RoyalStayHotel\Areas\Admin\Views\Room\Index.cshtml(149,56): warning CS8602: Dereference of a possibly null reference. [C:\UC\Elnet2ndChecking\RoyalStayHotel\RoyalStayHotel.csproj]
C:\UC\Elnet2ndChecking\RoyalStayHotel\Controllers\BookingController.cs(567,100): error CS1061: 'DbDataReader' does not contain a definition for 'GetTimeSpan' and no accessible extension method 'GetTimeSpan' accepting a first argument of type 'DbDataReader' could be found (are you missing a using directive or an assembly reference?) [C:\UC\Elnet2ndChecking\RoyalStayHotel\RoyalStayHotel.csproj]
C:\UC\Elnet2ndChecking\RoyalStayHotel\Controllers\BookingController.cs(367,31): warning CS8600: Converting null literal or possible null value to non-nullable type. [C:\UC\Elnet2ndChecking\RoyalStayHotel\RoyalStayHotel.csproj]
C:\UC\Elnet2ndChecking\RoyalStayHotel\Controllers\BookingController.cs(368,25): warning CS8600: Converting null literal or possible null value to non-nullable type. [C:\UC\Elnet2ndChecking\RoyalStayHotel\RoyalStayHotel.csproj]
C:\UC\Elnet2ndChecking\RoyalStayHotel\Controllers\BookingController.cs(369,25): warning CS8600: Converting null literal or possible null value to non-nullable type. [C:\UC\Elnet2ndChecking\RoyalStayHotel\RoyalStayHotel.csproj]
C:\UC\Elnet2ndChecking\RoyalStayHotel\Controllers\BookingController.cs(386,25): warning CS8602: Dereference of a possibly null reference. [C:\UC\Elnet2ndChecking\RoyalStayHotel\RoyalStayHotel.csproj]
C:\UC\Elnet2ndChecking\RoyalStayHotel\Controllers\BookingController.cs(416,25): warning CS8602: Dereference of a possibly null reference. [C:\UC\Elnet2ndChecking\RoyalStayHotel\RoyalStayHotel.csproj]
C:\UC\Elnet2ndChecking\RoyalStayHotel\Controllers\BookingController.cs(464,29): warning CS8602: Dereference of a possibly null reference. [C:\UC\Elnet2ndChecking\RoyalStayHotel\RoyalStayHotel.csproj]
C:\UC\Elnet2ndChecking\RoyalStayHotel\Controllers\BookingController.cs(478,51): warning CS8601: Possible null reference assignment. [C:\UC\Elnet2ndChecking\RoyalStayHotel\RoyalStayHotel.csproj]
C:\UC\Elnet2ndChecking\RoyalStayHotel\Controllers\BookingController.cs(481,47): warning CS8601: Possible null reference assignment. [C:\UC\Elnet2ndChecking\RoyalStayHotel\RoyalStayHotel.csproj]
C:\UC\Elnet2ndChecking\RoyalStayHotel\Controllers\BookingController.cs(482,48): warning CS8601: Possible null reference assignment. [C:\UC\Elnet2ndChecking\RoyalStayHotel\RoyalStayHotel.csproj]
C:\UC\Elnet2ndChecking\RoyalStayHotel\Controllers\BookingController.cs(483,48): warning CS8601: Possible null reference assignment. [C:\UC\Elnet2ndChecking\RoyalStayHotel\RoyalStayHotel.csproj]
C:\UC\Elnet2ndChecking\RoyalStayHotel\Controllers\BookingController.cs(506,29): warning CS8602: Dereference of a possibly null reference. [C:\UC\Elnet2ndChecking\RoyalStayHotel\RoyalStayHotel.csproj]
C:\UC\Elnet2ndChecking\RoyalStayHotel\Controllers\BookingController.cs(518,48): warning CS8601: Possible null reference assignment. [C:\UC\Elnet2ndChecking\RoyalStayHotel\RoyalStayHotel.csproj]
C:\UC\Elnet2ndChecking\RoyalStayHotel\Controllers\BookingController.cs(519,45): warning CS8601: Possible null reference assignment. [C:\UC\Elnet2ndChecking\RoyalStayHotel\RoyalStayHotel.csproj]
C:\UC\Elnet2ndChecking\RoyalStayHotel\Controllers\BookingController.cs(544,25): warning CS8602: Dereference of a possibly null reference. [C:\UC\Elnet2ndChecking\RoyalStayHotel\RoyalStayHotel.csproj]
C:\UC\Elnet2ndChecking\RoyalStayHotel\Controllers\BookingController.cs(557,47): warning CS8601: Possible null reference assignment. [C:\UC\Elnet2ndChecking\RoyalStayHotel\RoyalStayHotel.csproj]
C:\UC\Elnet2ndChecking\RoyalStayHotel\Areas\Admin\Views\Booking\Details.cshtml(268,46): warning CS8602: Dereference of a possibly null reference. [C:\UC\Elnet2ndChecking\RoyalStayHotel\RoyalStayHotel.csproj]
C:\UC\Elnet2ndChecking\RoyalStayHotel\Areas\Admin\Views\Booking\Details.cshtml(278,73): warning CS8602: Dereference of a possibly null reference. [C:\UC\Elnet2ndChecking\RoyalStayHotel\RoyalStayHotel.csproj]
C:\UC\Elnet2ndChecking\RoyalStayHotel\Areas\Admin\Views\Booking\Details.cshtml(421,44): warning CS8602: Dereference of a possibly null reference. [C:\UC\Elnet2ndChecking\RoyalStayHotel\RoyalStayHotel.csproj]
C:\UC\Elnet2ndChecking\RoyalStayHotel\Areas\Admin\Views\Booking\Details.cshtml(475,110): warning CS8602: Dereference of a possibly null reference. [C:\UC\Elnet2ndChecking\RoyalStayHotel\RoyalStayHotel.csproj]
C:\UC\Elnet2ndChecking\RoyalStayHotel\Areas\Admin\Controllers\DiscountsController.cs(205,50): warning CS8602: Dereference of a possibly null reference. [C:\UC\Elnet2ndChecking\RoyalStayHotel\RoyalStayHotel.csproj]
C:\UC\Elnet2ndChecking\RoyalStayHotel\Areas\Admin\Controllers\HousekeepingController.cs(218,64): warning CS8602: Dereference of a possibly null reference. [C:\UC\Elnet2ndChecking\RoyalStayHotel\RoyalStayHotel.csproj]
C:\UC\Elnet2ndChecking\RoyalStayHotel\Areas\Admin\Controllers\DiscountsController.cs(288,17): warning CS8602: Dereference of a possibly null reference. [C:\UC\Elnet2ndChecking\RoyalStayHotel\RoyalStayHotel.csproj]
C:\UC\Elnet2ndChecking\RoyalStayHotel\Areas\Admin\Controllers\DiscountsController.cs(295,43): warning CS8604: Possible null reference argument for parameter 'entity' in 'EntityEntry<Discount> DbSet<Discount>.Remove(Discount entity)'. [C:\UC\Elnet2ndChecking\RoyalStayHotel\RoyalStayHotel.csproj]
C:\UC\Elnet2ndChecking\RoyalStayHotel\Areas\Admin\Controllers\HousekeepingController.cs(290,47): warning CS8604: Possible null reference argument for parameter 'entity' in 'EntityEntry<HousekeepingTask> DbSet<HousekeepingTask>.Remove(HousekeepingTask entity)'. [C:\UC\Elnet2ndChecking\RoyalStayHotel\RoyalStayHotel.csproj]
C:\UC\Elnet2ndChecking\RoyalStayHotel\Areas\Admin\Controllers\MaintenanceController.cs(251,26): warning CS8602: Dereference of a possibly null reference. [C:\UC\Elnet2ndChecking\RoyalStayHotel\RoyalStayHotel.csproj]
C:\UC\Elnet2ndChecking\RoyalStayHotel\Areas\Admin\Controllers\MaintenanceController.cs(265,27): warning CS8602: Dereference of a possibly null reference. [C:\UC\Elnet2ndChecking\RoyalStayHotel\RoyalStayHotel.csproj]
C:\UC\Elnet2ndChecking\RoyalStayHotel\Areas\Admin\Controllers\MaintenanceController.cs(275,61): warning CS8602: Dereference of a possibly null reference. [C:\UC\Elnet2ndChecking\RoyalStayHotel\RoyalStayHotel.csproj]
C:\UC\Elnet2ndChecking\RoyalStayHotel\Areas\Admin\Controllers\MaintenanceController.cs(350,17): warning CS8602: Dereference of a possibly null reference. [C:\UC\Elnet2ndChecking\RoyalStayHotel\RoyalStayHotel.csproj]
C:\UC\Elnet2ndChecking\RoyalStayHotel\Views\Booking\Confirmation.cshtml(74,62): warning CS8602: Dereference of a possibly null reference. [C:\UC\Elnet2ndChecking\RoyalStayHotel\RoyalStayHotel.csproj]
C:\UC\Elnet2ndChecking\RoyalStayHotel\Areas\Admin\Views\Services\Index.cshtml(63,46): warning CS8602: Dereference of a possibly null reference. [C:\UC\Elnet2ndChecking\RoyalStayHotel\RoyalStayHotel.csproj]
C:\UC\Elnet2ndChecking\RoyalStayHotel\Areas\Admin\Views\Services\Index.cshtml(67,50): warning CS8602: Dereference of a possibly null reference. [C:\UC\Elnet2ndChecking\RoyalStayHotel\RoyalStayHotel.csproj]
C:\UC\Elnet2ndChecking\RoyalStayHotel\Areas\Admin\Views\Services\Index.cshtml(80,46): warning CS8602: Dereference of a possibly null reference. [C:\UC\Elnet2ndChecking\RoyalStayHotel\RoyalStayHotel.csproj]
C:\UC\Elnet2ndChecking\RoyalStayHotel\Areas\Admin\Views\Services\Index.cshtml(84,50): warning CS8602: Dereference of a possibly null reference. [C:\UC\Elnet2ndChecking\RoyalStayHotel\RoyalStayHotel.csproj]
C:\UC\Elnet2ndChecking\RoyalStayHotel\Areas\Admin\Views\Services\Index.cshtml(98,46): warning CS8602: Dereference of a possibly null reference. [C:\UC\Elnet2ndChecking\RoyalStayHotel\RoyalStayHotel.csproj]
C:\UC\Elnet2ndChecking\RoyalStayHotel\Areas\Admin\Views\Services\Index.cshtml(102,50): warning CS8602: Dereference of a possibly null reference. [C:\UC\Elnet2ndChecking\RoyalStayHotel\RoyalStayHotel.csproj]
C:\UC\Elnet2ndChecking\RoyalStayHotel\Areas\Admin\Views\Services\Index.cshtml(115,46): warning CS8602: Dereference of a possibly null reference. [C:\UC\Elnet2ndChecking\RoyalStayHotel\RoyalStayHotel.csproj]
C:\UC\Elnet2ndChecking\RoyalStayHotel\Areas\Admin\Views\Services\Index.cshtml(119,50): warning CS8602: Dereference of a possibly null reference. [C:\UC\Elnet2ndChecking\RoyalStayHotel\RoyalStayHotel.csproj]
C:\UC\Elnet2ndChecking\RoyalStayHotel\Areas\Admin\Views\Services\Index.cshtml(132,46): warning CS8602: Dereference of a possibly null reference. [C:\UC\Elnet2ndChecking\RoyalStayHotel\RoyalStayHotel.csproj]
C:\UC\Elnet2ndChecking\RoyalStayHotel\Areas\Admin\Views\Services\Index.cshtml(136,50): warning CS8602: Dereference of a possibly null reference. [C:\UC\Elnet2ndChecking\RoyalStayHotel\RoyalStayHotel.csproj]

Build FAILED.

C:\UC\Elnet2ndChecking\RoyalStayHotel\Models\Notification.cs(17,23): warning CS8618: Non-nullable property 'Title' must contain a non-null value when exiting constructor. Consider adding the 'required' modifier or declaring the property as nullable. [C:\UC\Elnet2ndChecking\RoyalStayHotel\RoyalStayHotel.csproj]
C:\UC\Elnet2ndChecking\RoyalStayHotel\Models\Notification.cs(21,23): warning CS8618: Non-nullable property 'Message' must contain a non-null value when exiting constructor. Consider adding the 'required' modifier or declaring the property as nullable. [C:\UC\Elnet2ndChecking\RoyalStayHotel\RoyalStayHotel.csproj]
C:\UC\Elnet2ndChecking\RoyalStayHotel\Models\MaintenanceRequest.cs(30,23): warning CS8618: Non-nullable property 'Description' must contain a non-null value when exiting constructor. Consider adding the 'required' modifier or declaring the property as nullable. [C:\UC\Elnet2ndChecking\RoyalStayHotel\RoyalStayHotel.csproj]
C:\UC\Elnet2ndChecking\RoyalStayHotel\Models\Discount.cs(14,23): warning CS8618: Non-nullable property 'Name' must contain a non-null value when exiting constructor. Consider adding the 'required' modifier or declaring the property as nullable. [C:\UC\Elnet2ndChecking\RoyalStayHotel\RoyalStayHotel.csproj]
C:\UC\Elnet2ndChecking\RoyalStayHotel\Models\Discount.cs(18,23): warning CS8618: Non-nullable property 'Code' must contain a non-null value when exiting constructor. Consider adding the 'required' modifier or declaring the property as nullable. [C:\UC\Elnet2ndChecking\RoyalStayHotel\RoyalStayHotel.csproj]
C:\UC\Elnet2ndChecking\RoyalStayHotel\Models\Discount.cs(25,23): warning CS8618: Non-nullable property 'Description' must contain a non-null value when exiting constructor. Consider adding the 'required' modifier or declaring the property as nullable. [C:\UC\Elnet2ndChecking\RoyalStayHotel\RoyalStayHotel.csproj]
C:\UC\Elnet2ndChecking\RoyalStayHotel\Areas\Staff\Controllers\AccountController.cs(16,42): warning CS1998: This async method lacks 'await' operators and will run synchronously. Consider using the 'await' operator to await non-blocking API calls, or 'await Task.Run(...)' to do CPU-bound work on a background thread. [C:\UC\Elnet2ndChecking\RoyalStayHotel\RoyalStayHotel.csproj]
C:\UC\Elnet2ndChecking\RoyalStayHotel\Program.cs(11,31): warning CS8600: Converting null literal or possible null value to non-nullable type. [C:\UC\Elnet2ndChecking\RoyalStayHotel\RoyalStayHotel.csproj]
C:\UC\Elnet2ndChecking\RoyalStayHotel\Program.cs(15,28): warning CS8600: Converting null literal or possible null value to non-nullable type. [C:\UC\Elnet2ndChecking\RoyalStayHotel\RoyalStayHotel.csproj]
C:\UC\Elnet2ndChecking\RoyalStayHotel\obj\Debug\net9.0\Microsoft.CodeAnalysis.Razor.Compiler\Microsoft.NET.Sdk.Razor.SourceGenerators.RazorSourceGenerator\Views_Shared__LoginPartial_cshtml.g.cs(75,13): warning CS0162: Unreachable code detected [C:\UC\Elnet2ndChecking\RoyalStayHotel\RoyalStayHotel.csproj]
C:\UC\Elnet2ndChecking\RoyalStayHotel\Areas\Admin\Views\Bookings\Details.cshtml(184,58): warning CS8602: Dereference of a possibly null reference. [C:\UC\Elnet2ndChecking\RoyalStayHotel\RoyalStayHotel.csproj]
C:\UC\Elnet2ndChecking\RoyalStayHotel\Areas\Admin\Controllers\AdminContactController.cs(60,42): warning CS1998: This async method lacks 'await' operators and will run synchronously. Consider using the 'await' operator to await non-blocking API calls, or 'await Task.Run(...)' to do CPU-bound work on a background thread. [C:\UC\Elnet2ndChecking\RoyalStayHotel\RoyalStayHotel.csproj]
C:\UC\Elnet2ndChecking\RoyalStayHotel\Areas\Admin\Controllers\ServicesController.cs(60,45): warning CS8602: Dereference of a possibly null reference. [C:\UC\Elnet2ndChecking\RoyalStayHotel\RoyalStayHotel.csproj]
C:\UC\Elnet2ndChecking\RoyalStayHotel\Controllers\AccountController.cs(30,42): warning CS1998: This async method lacks 'await' operators and will run synchronously. Consider using the 'await' operator to await non-blocking API calls, or 'await Task.Run(...)' to do CPU-bound work on a background thread. [C:\UC\Elnet2ndChecking\RoyalStayHotel\RoyalStayHotel.csproj]
C:\UC\Elnet2ndChecking\RoyalStayHotel\Areas\Admin\Views\Discounts\Details.cshtml(13,12): warning CS0219: The variable 'progressBarClass' is assigned but its value is never used [C:\UC\Elnet2ndChecking\RoyalStayHotel\RoyalStayHotel.csproj]
C:\UC\Elnet2ndChecking\RoyalStayHotel\Areas\Admin\Views\Discounts\Details.cshtml(14,12): warning CS0219: The variable 'statusText' is assigned but its value is never used [C:\UC\Elnet2ndChecking\RoyalStayHotel\RoyalStayHotel.csproj]
C:\UC\Elnet2ndChecking\RoyalStayHotel\Areas\Admin\Controllers\DashboardController.cs(56,39): warning CS8602: Dereference of a possibly null reference. [C:\UC\Elnet2ndChecking\RoyalStayHotel\RoyalStayHotel.csproj]
C:\UC\Elnet2ndChecking\RoyalStayHotel\Areas\Admin\Controllers\PaymentsController.cs(26,35): warning CS8602: Dereference of a possibly null reference. [C:\UC\Elnet2ndChecking\RoyalStayHotel\RoyalStayHotel.csproj]
C:\UC\Elnet2ndChecking\RoyalStayHotel\Areas\Admin\Controllers\BookingsController.cs(102,25): warning CS8602: Dereference of a possibly null reference. [C:\UC\Elnet2ndChecking\RoyalStayHotel\RoyalStayHotel.csproj]
C:\UC\Elnet2ndChecking\RoyalStayHotel\Areas\Admin\Controllers\BookingsController.cs(114,44): warning CS8601: Possible null reference assignment. [C:\UC\Elnet2ndChecking\RoyalStayHotel\RoyalStayHotel.csproj]
C:\UC\Elnet2ndChecking\RoyalStayHotel\Areas\Admin\Controllers\BookingsController.cs(115,41): warning CS8601: Possible null reference assignment. [C:\UC\Elnet2ndChecking\RoyalStayHotel\RoyalStayHotel.csproj]
C:\UC\Elnet2ndChecking\RoyalStayHotel\Areas\Admin\Controllers\BookingsController.cs(122,46): warning CS8601: Possible null reference assignment. [C:\UC\Elnet2ndChecking\RoyalStayHotel\RoyalStayHotel.csproj]
C:\UC\Elnet2ndChecking\RoyalStayHotel\Areas\Admin\Controllers\BookingsController.cs(124,47): warning CS8601: Possible null reference assignment. [C:\UC\Elnet2ndChecking\RoyalStayHotel\RoyalStayHotel.csproj]
C:\UC\Elnet2ndChecking\RoyalStayHotel\Areas\Admin\Controllers\BookingsController.cs(184,33): warning CS8602: Dereference of a possibly null reference. [C:\UC\Elnet2ndChecking\RoyalStayHotel\RoyalStayHotel.csproj]
C:\UC\Elnet2ndChecking\RoyalStayHotel\Areas\Admin\Controllers\BookingsController.cs(197,55): warning CS8601: Possible null reference assignment. [C:\UC\Elnet2ndChecking\RoyalStayHotel\RoyalStayHotel.csproj]
C:\UC\Elnet2ndChecking\RoyalStayHotel\Areas\Admin\Controllers\PaymentsController.cs(42,35): warning CS8602: Dereference of a possibly null reference. [C:\UC\Elnet2ndChecking\RoyalStayHotel\RoyalStayHotel.csproj]
C:\UC\Elnet2ndChecking\RoyalStayHotel\Areas\Admin\Controllers\PaymentsController.cs(43,31): warning CS8602: Dereference of a possibly null reference. [C:\UC\Elnet2ndChecking\RoyalStayHotel\RoyalStayHotel.csproj]
C:\UC\Elnet2ndChecking\RoyalStayHotel\Areas\Admin\Controllers\NotificationsController.cs(181,49): warning CS8602: Dereference of a possibly null reference. [C:\UC\Elnet2ndChecking\RoyalStayHotel\RoyalStayHotel.csproj]
C:\UC\Elnet2ndChecking\RoyalStayHotel\Areas\Admin\Controllers\NotificationsController.cs(185,54): warning CS8602: Dereference of a possibly null reference. [C:\UC\Elnet2ndChecking\RoyalStayHotel\RoyalStayHotel.csproj]
C:\UC\Elnet2ndChecking\RoyalStayHotel\Areas\Admin\Controllers\NotificationsController.cs(243,43): warning CS8604: Possible null reference argument for parameter 'entity' in 'EntityEntry<Notification> DbSet<Notification>.Remove(Notification entity)'. [C:\UC\Elnet2ndChecking\RoyalStayHotel\RoyalStayHotel.csproj]
C:\UC\Elnet2ndChecking\RoyalStayHotel\Areas\Admin\Controllers\ReportsController.cs(62,31): warning CS8602: Dereference of a possibly null reference. [C:\UC\Elnet2ndChecking\RoyalStayHotel\RoyalStayHotel.csproj]
C:\UC\Elnet2ndChecking\RoyalStayHotel\Areas\Admin\Views\Reports\OccupancyReport.cshtml(353,16): warning CS8603: Possible null reference return. [C:\UC\Elnet2ndChecking\RoyalStayHotel\RoyalStayHotel.csproj]
C:\UC\Elnet2ndChecking\RoyalStayHotel\Controllers\BookingController.cs(177,25): warning CS8602: Dereference of a possibly null reference. [C:\UC\Elnet2ndChecking\RoyalStayHotel\RoyalStayHotel.csproj]
C:\UC\Elnet2ndChecking\RoyalStayHotel\Controllers\BookingController.cs(306,41): warning CS8602: Dereference of a possibly null reference. [C:\UC\Elnet2ndChecking\RoyalStayHotel\RoyalStayHotel.csproj]
C:\UC\Elnet2ndChecking\RoyalStayHotel\Controllers\BookingController.cs(341,25): warning CS8602: Dereference of a possibly null reference. [C:\UC\Elnet2ndChecking\RoyalStayHotel\RoyalStayHotel.csproj]
C:\UC\Elnet2ndChecking\RoyalStayHotel\Areas\Admin\Controllers\MaintenanceController.cs(37,21): warning CS8602: Dereference of a possibly null reference. [C:\UC\Elnet2ndChecking\RoyalStayHotel\RoyalStayHotel.csproj]
C:\UC\Elnet2ndChecking\RoyalStayHotel\Areas\Admin\Controllers\ReportsController.cs(120,35): warning CS8602: Dereference of a possibly null reference. [C:\UC\Elnet2ndChecking\RoyalStayHotel\RoyalStayHotel.csproj]
C:\UC\Elnet2ndChecking\RoyalStayHotel\Areas\Admin\Controllers\BookingsController.cs(282,35): warning CS8600: Converting null literal or possible null value to non-nullable type. [C:\UC\Elnet2ndChecking\RoyalStayHotel\RoyalStayHotel.csproj]
C:\UC\Elnet2ndChecking\RoyalStayHotel\Areas\Admin\Controllers\BookingsController.cs(283,29): warning CS8600: Converting null literal or possible null value to non-nullable type. [C:\UC\Elnet2ndChecking\RoyalStayHotel\RoyalStayHotel.csproj]
C:\UC\Elnet2ndChecking\RoyalStayHotel\Areas\Admin\Controllers\BookingsController.cs(284,29): warning CS8600: Converting null literal or possible null value to non-nullable type. [C:\UC\Elnet2ndChecking\RoyalStayHotel\RoyalStayHotel.csproj]
C:\UC\Elnet2ndChecking\RoyalStayHotel\Areas\Admin\Controllers\BookingsController.cs(300,25): warning CS8602: Dereference of a possibly null reference. [C:\UC\Elnet2ndChecking\RoyalStayHotel\RoyalStayHotel.csproj]
C:\UC\Elnet2ndChecking\RoyalStayHotel\Areas\Admin\Controllers\BookingsController.cs(330,25): warning CS8602: Dereference of a possibly null reference. [C:\UC\Elnet2ndChecking\RoyalStayHotel\RoyalStayHotel.csproj]
C:\UC\Elnet2ndChecking\RoyalStayHotel\Areas\Admin\Controllers\BookingsController.cs(378,29): warning CS8602: Dereference of a possibly null reference. [C:\UC\Elnet2ndChecking\RoyalStayHotel\RoyalStayHotel.csproj]
C:\UC\Elnet2ndChecking\RoyalStayHotel\Areas\Admin\Controllers\BookingsController.cs(392,51): warning CS8601: Possible null reference assignment. [C:\UC\Elnet2ndChecking\RoyalStayHotel\RoyalStayHotel.csproj]
C:\UC\Elnet2ndChecking\RoyalStayHotel\Areas\Admin\Controllers\BookingsController.cs(395,47): warning CS8601: Possible null reference assignment. [C:\UC\Elnet2ndChecking\RoyalStayHotel\RoyalStayHotel.csproj]
C:\UC\Elnet2ndChecking\RoyalStayHotel\Areas\Admin\Controllers\BookingsController.cs(396,48): warning CS8601: Possible null reference assignment. [C:\UC\Elnet2ndChecking\RoyalStayHotel\RoyalStayHotel.csproj]
C:\UC\Elnet2ndChecking\RoyalStayHotel\Areas\Admin\Controllers\BookingsController.cs(397,48): warning CS8601: Possible null reference assignment. [C:\UC\Elnet2ndChecking\RoyalStayHotel\RoyalStayHotel.csproj]
C:\UC\Elnet2ndChecking\RoyalStayHotel\Areas\Admin\Controllers\BookingsController.cs(420,29): warning CS8602: Dereference of a possibly null reference. [C:\UC\Elnet2ndChecking\RoyalStayHotel\RoyalStayHotel.csproj]
C:\UC\Elnet2ndChecking\RoyalStayHotel\Areas\Admin\Controllers\BookingsController.cs(432,48): warning CS8601: Possible null reference assignment. [C:\UC\Elnet2ndChecking\RoyalStayHotel\RoyalStayHotel.csproj]
C:\UC\Elnet2ndChecking\RoyalStayHotel\Areas\Admin\Controllers\BookingsController.cs(433,45): warning CS8601: Possible null reference assignment. [C:\UC\Elnet2ndChecking\RoyalStayHotel\RoyalStayHotel.csproj]
C:\UC\Elnet2ndChecking\RoyalStayHotel\Areas\Admin\Controllers\BookingsController.cs(455,25): warning CS8602: Dereference of a possibly null reference. [C:\UC\Elnet2ndChecking\RoyalStayHotel\RoyalStayHotel.csproj]
C:\UC\Elnet2ndChecking\RoyalStayHotel\Areas\Admin\Controllers\BookingsController.cs(496,25): warning CS8602: Dereference of a possibly null reference. [C:\UC\Elnet2ndChecking\RoyalStayHotel\RoyalStayHotel.csproj]
C:\UC\Elnet2ndChecking\RoyalStayHotel\Areas\Admin\Controllers\BookingsController.cs(509,47): warning CS8601: Possible null reference assignment. [C:\UC\Elnet2ndChecking\RoyalStayHotel\RoyalStayHotel.csproj]
C:\UC\Elnet2ndChecking\RoyalStayHotel\Areas\Admin\Controllers\HousekeepingController.cs(35,21): warning CS8602: Dereference of a possibly null reference. [C:\UC\Elnet2ndChecking\RoyalStayHotel\RoyalStayHotel.csproj]
C:\UC\Elnet2ndChecking\RoyalStayHotel\Areas\Admin\Controllers\DiscountsController.cs(83,34): warning CS8620: Argument of type 'IIncludableQueryable<Discount, ICollection<Booking>?>' cannot be used for parameter 'source' of type 'IIncludableQueryable<Discount, IEnumerable<Booking>>' in 'IIncludableQueryable<Discount, User?> EntityFrameworkQueryableExtensions.ThenInclude<Discount, Booking, User?>(IIncludableQueryable<Discount, IEnumerable<Booking>> source, Expression<Func<Booking, User?>> navigationPropertyPath)' due to differences in the nullability of reference types. [C:\UC\Elnet2ndChecking\RoyalStayHotel\RoyalStayHotel.csproj]
C:\UC\Elnet2ndChecking\RoyalStayHotel\Areas\Admin\Views\Room\Index.cshtml(149,56): warning CS8602: Dereference of a possibly null reference. [C:\UC\Elnet2ndChecking\RoyalStayHotel\RoyalStayHotel.csproj]
C:\UC\Elnet2ndChecking\RoyalStayHotel\Controllers\BookingController.cs(367,31): warning CS8600: Converting null literal or possible null value to non-nullable type. [C:\UC\Elnet2ndChecking\RoyalStayHotel\RoyalStayHotel.csproj]
C:\UC\Elnet2ndChecking\RoyalStayHotel\Controllers\BookingController.cs(368,25): warning CS8600: Converting null literal or possible null value to non-nullable type. [C:\UC\Elnet2ndChecking\RoyalStayHotel\RoyalStayHotel.csproj]
C:\UC\Elnet2ndChecking\RoyalStayHotel\Controllers\BookingController.cs(369,25): warning CS8600: Converting null literal or possible null value to non-nullable type. [C:\UC\Elnet2ndChecking\RoyalStayHotel\RoyalStayHotel.csproj]
C:\UC\Elnet2ndChecking\RoyalStayHotel\Controllers\BookingController.cs(386,25): warning CS8602: Dereference of a possibly null reference. [C:\UC\Elnet2ndChecking\RoyalStayHotel\RoyalStayHotel.csproj]
C:\UC\Elnet2ndChecking\RoyalStayHotel\Controllers\BookingController.cs(416,25): warning CS8602: Dereference of a possibly null reference. [C:\UC\Elnet2ndChecking\RoyalStayHotel\RoyalStayHotel.csproj]
C:\UC\Elnet2ndChecking\RoyalStayHotel\Controllers\BookingController.cs(464,29): warning CS8602: Dereference of a possibly null reference. [C:\UC\Elnet2ndChecking\RoyalStayHotel\RoyalStayHotel.csproj]
C:\UC\Elnet2ndChecking\RoyalStayHotel\Controllers\BookingController.cs(478,51): warning CS8601: Possible null reference assignment. [C:\UC\Elnet2ndChecking\RoyalStayHotel\RoyalStayHotel.csproj]
C:\UC\Elnet2ndChecking\RoyalStayHotel\Controllers\BookingController.cs(481,47): warning CS8601: Possible null reference assignment. [C:\UC\Elnet2ndChecking\RoyalStayHotel\RoyalStayHotel.csproj]
C:\UC\Elnet2ndChecking\RoyalStayHotel\Controllers\BookingController.cs(482,48): warning CS8601: Possible null reference assignment. [C:\UC\Elnet2ndChecking\RoyalStayHotel\RoyalStayHotel.csproj]
C:\UC\Elnet2ndChecking\RoyalStayHotel\Controllers\BookingController.cs(483,48): warning CS8601: Possible null reference assignment. [C:\UC\Elnet2ndChecking\RoyalStayHotel\RoyalStayHotel.csproj]
C:\UC\Elnet2ndChecking\RoyalStayHotel\Controllers\BookingController.cs(506,29): warning CS8602: Dereference of a possibly null reference. [C:\UC\Elnet2ndChecking\RoyalStayHotel\RoyalStayHotel.csproj]
C:\UC\Elnet2ndChecking\RoyalStayHotel\Controllers\BookingController.cs(518,48): warning CS8601: Possible null reference assignment. [C:\UC\Elnet2ndChecking\RoyalStayHotel\RoyalStayHotel.csproj]
C:\UC\Elnet2ndChecking\RoyalStayHotel\Controllers\BookingController.cs(519,45): warning CS8601: Possible null reference assignment. [C:\UC\Elnet2ndChecking\RoyalStayHotel\RoyalStayHotel.csproj]
C:\UC\Elnet2ndChecking\RoyalStayHotel\Controllers\BookingController.cs(544,25): warning CS8602: Dereference of a possibly null reference. [C:\UC\Elnet2ndChecking\RoyalStayHotel\RoyalStayHotel.csproj]
C:\UC\Elnet2ndChecking\RoyalStayHotel\Controllers\BookingController.cs(557,47): warning CS8601: Possible null reference assignment. [C:\UC\Elnet2ndChecking\RoyalStayHotel\RoyalStayHotel.csproj]
C:\UC\Elnet2ndChecking\RoyalStayHotel\Areas\Admin\Views\Booking\Details.cshtml(268,46): warning CS8602: Dereference of a possibly null reference. [C:\UC\Elnet2ndChecking\RoyalStayHotel\RoyalStayHotel.csproj]
C:\UC\Elnet2ndChecking\RoyalStayHotel\Areas\Admin\Views\Booking\Details.cshtml(278,73): warning CS8602: Dereference of a possibly null reference. [C:\UC\Elnet2ndChecking\RoyalStayHotel\RoyalStayHotel.csproj]
C:\UC\Elnet2ndChecking\RoyalStayHotel\Areas\Admin\Views\Booking\Details.cshtml(421,44): warning CS8602: Dereference of a possibly null reference. [C:\UC\Elnet2ndChecking\RoyalStayHotel\RoyalStayHotel.csproj]
C:\UC\Elnet2ndChecking\RoyalStayHotel\Areas\Admin\Views\Booking\Details.cshtml(475,110): warning CS8602: Dereference of a possibly null reference. [C:\UC\Elnet2ndChecking\RoyalStayHotel\RoyalStayHotel.csproj]
C:\UC\Elnet2ndChecking\RoyalStayHotel\Areas\Admin\Controllers\DiscountsController.cs(205,50): warning CS8602: Dereference of a possibly null reference. [C:\UC\Elnet2ndChecking\RoyalStayHotel\RoyalStayHotel.csproj]
C:\UC\Elnet2ndChecking\RoyalStayHotel\Areas\Admin\Controllers\HousekeepingController.cs(218,64): warning CS8602: Dereference of a possibly null reference. [C:\UC\Elnet2ndChecking\RoyalStayHotel\RoyalStayHotel.csproj]
C:\UC\Elnet2ndChecking\RoyalStayHotel\Areas\Admin\Controllers\DiscountsController.cs(288,17): warning CS8602: Dereference of a possibly null reference. [C:\UC\Elnet2ndChecking\RoyalStayHotel\RoyalStayHotel.csproj]
C:\UC\Elnet2ndChecking\RoyalStayHotel\Areas\Admin\Controllers\DiscountsController.cs(295,43): warning CS8604: Possible null reference argument for parameter 'entity' in 'EntityEntry<Discount> DbSet<Discount>.Remove(Discount entity)'. [C:\UC\Elnet2ndChecking\RoyalStayHotel\RoyalStayHotel.csproj]
C:\UC\Elnet2ndChecking\RoyalStayHotel\Areas\Admin\Controllers\HousekeepingController.cs(290,47): warning CS8604: Possible null reference argument for parameter 'entity' in 'EntityEntry<HousekeepingTask> DbSet<HousekeepingTask>.Remove(HousekeepingTask entity)'. [C:\UC\Elnet2ndChecking\RoyalStayHotel\RoyalStayHotel.csproj]
C:\UC\Elnet2ndChecking\RoyalStayHotel\Areas\Admin\Controllers\MaintenanceController.cs(251,26): warning CS8602: Dereference of a possibly null reference. [C:\UC\Elnet2ndChecking\RoyalStayHotel\RoyalStayHotel.csproj]
C:\UC\Elnet2ndChecking\RoyalStayHotel\Areas\Admin\Controllers\MaintenanceController.cs(265,27): warning CS8602: Dereference of a possibly null reference. [C:\UC\Elnet2ndChecking\RoyalStayHotel\RoyalStayHotel.csproj]
C:\UC\Elnet2ndChecking\RoyalStayHotel\Areas\Admin\Controllers\MaintenanceController.cs(275,61): warning CS8602: Dereference of a possibly null reference. [C:\UC\Elnet2ndChecking\RoyalStayHotel\RoyalStayHotel.csproj]
C:\UC\Elnet2ndChecking\RoyalStayHotel\Areas\Admin\Controllers\MaintenanceController.cs(350,17): warning CS8602: Dereference of a possibly null reference. [C:\UC\Elnet2ndChecking\RoyalStayHotel\RoyalStayHotel.csproj]
C:\UC\Elnet2ndChecking\RoyalStayHotel\Views\Booking\Confirmation.cshtml(74,62): warning CS8602: Dereference of a possibly null reference. [C:\UC\Elnet2ndChecking\RoyalStayHotel\RoyalStayHotel.csproj]
C:\UC\Elnet2ndChecking\RoyalStayHotel\Areas\Admin\Views\Services\Index.cshtml(63,46): warning CS8602: Dereference of a possibly null reference. [C:\UC\Elnet2ndChecking\RoyalStayHotel\RoyalStayHotel.csproj]
C:\UC\Elnet2ndChecking\RoyalStayHotel\Areas\Admin\Views\Services\Index.cshtml(67,50): warning CS8602: Dereference of a possibly null reference. [C:\UC\Elnet2ndChecking\RoyalStayHotel\RoyalStayHotel.csproj]
C:\UC\Elnet2ndChecking\RoyalStayHotel\Areas\Admin\Views\Services\Index.cshtml(80,46): warning CS8602: Dereference of a possibly null reference. [C:\UC\Elnet2ndChecking\RoyalStayHotel\RoyalStayHotel.csproj]
C:\UC\Elnet2ndChecking\RoyalStayHotel\Areas\Admin\Views\Services\Index.cshtml(84,50): warning CS8602: Dereference of a possibly null reference. [C:\UC\Elnet2ndChecking\RoyalStayHotel\RoyalStayHotel.csproj]
C:\UC\Elnet2ndChecking\RoyalStayHotel\Areas\Admin\Views\Services\Index.cshtml(98,46): warning CS8602: Dereference of a possibly null reference. [C:\UC\Elnet2ndChecking\RoyalStayHotel\RoyalStayHotel.csproj]
C:\UC\Elnet2ndChecking\RoyalStayHotel\Areas\Admin\Views\Services\Index.cshtml(102,50): warning CS8602: Dereference of a possibly null reference. [C:\UC\Elnet2ndChecking\RoyalStayHotel\RoyalStayHotel.csproj]
C:\UC\Elnet2ndChecking\RoyalStayHotel\Areas\Admin\Views\Services\Index.cshtml(115,46): warning CS8602: Dereference of a possibly null reference. [C:\UC\Elnet2ndChecking\RoyalStayHotel\RoyalStayHotel.csproj]
C:\UC\Elnet2ndChecking\RoyalStayHotel\Areas\Admin\Views\Services\Index.cshtml(119,50): warning CS8602: Dereference of a possibly null reference. [C:\UC\Elnet2ndChecking\RoyalStayHotel\RoyalStayHotel.csproj]
C:\UC\Elnet2ndChecking\RoyalStayHotel\Areas\Admin\Views\Services\Index.cshtml(132,46): warning CS8602: Dereference of a possibly null reference. [C:\UC\Elnet2ndChecking\RoyalStayHotel\RoyalStayHotel.csproj]
C:\UC\Elnet2ndChecking\RoyalStayHotel\Areas\Admin\Views\Services\Index.cshtml(136,50): warning CS8602: Dereference of a possibly null reference. [C:\UC\Elnet2ndChecking\RoyalStayHotel\RoyalStayHotel.csproj]
C:\UC\Elnet2ndChecking\RoyalStayHotel\Areas\Admin\Controllers\BookingsController.cs(207,108): error CS1061: 'DbDataReader' does not contain a definition for 'GetTimeSpan' and no accessible extension method 'GetTimeSpan' accepting a first argument of type 'DbDataReader' could be found (are you missing a using directive or an assembly reference?) [C:\UC\Elnet2ndChecking\RoyalStayHotel\RoyalStayHotel.csproj]
C:\UC\Elnet2ndChecking\RoyalStayHotel\Areas\Admin\Controllers\BookingsController.cs(519,100): error CS1061: 'DbDataReader' does not contain a definition for 'GetTimeSpan' and no accessible extension method 'GetTimeSpan' accepting a first argument of type 'DbDataReader' could be found (are you missing a using directive or an assembly reference?) [C:\UC\Elnet2ndChecking\RoyalStayHotel\RoyalStayHotel.csproj]
C:\UC\Elnet2ndChecking\RoyalStayHotel\Controllers\BookingController.cs(567,100): error CS1061: 'DbDataReader' does not contain a definition for 'GetTimeSpan' and no accessible extension method 'GetTimeSpan' accepting a first argument of type 'DbDataReader' could be found (are you missing a using directive or an assembly reference?) [C:\UC\Elnet2ndChecking\RoyalStayHotel\RoyalStayHotel.csproj]
    95 Warning(s)
    3 Error(s)

Time Elapsed 00:00:04.81

Workload updates are available. Run `dotnet workload list` for more information.
